String has inline size of: 16
String of length 7: hello!!
