12
sizeof FileId is 12
sizeof file3.ident is 4
location is {0, 0}
13
