18
15
a b c d e f g h i j k l m n o 
main: abcdefghijklmno
a b c d e f g h i j k l m n o a b c d e f g h i j k l m n o 
